=================================================================
                   >>>>>   MindStudio   <<<<<
    THE END-TO-END TOOLCHAIN TO UNLEASH HUAWEI ASCEND COMPUTE
=================================================================

[INFO]  Op profiling analysis start.
[INFO]  Start parse dump file
[WARN]  Failed to get pc start from /home/t00826093/sources/ops-transformer/examples/ascend950pr_sim_bundle/work/official_decoder_probe/dump/pc_start_addr.txt
[ERROR] Child process exited with return value 1
[INFO]  Extract 0 relations from kernel
[WARN]  Failed to parse pc to code, maybe kernel missed debug_line information. If you need code call stack, please recompile kernel with -g option
[WARN]  Code call stack is empty
[WARN]  Lack of code info of files
[INFO]  Core operator results run in simulator as follow:
core_name           duration_time(us)   running_time(us)    
core0.cubecore0     29.6                19.59               
core0.veccore0      35.71               26.34               
core0.veccore1      35.68               28.13               
[INFO]  Profiling results saved in /home/t00826093/sources/ops-transformer/examples/ascend950pr_sim_bundle/work/official_decoder_probe/output/OPPROF_20260908200320_WWMTQNNRFKCNCCNK
[INFO]  Profiling data parse finished.
[INFO]  Op profiling finish. Welcome to next use.
